[INFO] Scanning for projects...
[INFO] 
[INFO] ------------------------< org.emsi:projet-lom >-------------------------
[INFO] Building Projet LOM 1.0 1.0-SNAPSHOT
[INFO]   from pom.xml
[INFO] --------------------------------[ jar ]---------------------------------
[INFO] 
[INFO] >>> javafx:0.0.8:run (default-cli) > process-classes @ projet-lom >>>
[WARNING] 6 problems were encountered while building the effective model for org.openjfx:javafx-controls:jar:21.0.1 during dependency collection step for project (use -X to see details)
[WARNING] The artifact mysql:mysql-connector-java:jar:8.0.33 has been relocated to com.mysql:mysql-connector-j:jar:8.0.33: MySQL Connector/J artifacts moved to reverse-DNS compliant Maven 2+ coordinates.
[INFO] 
[INFO] --- resources:3.3.1:resources (default-resources) @ projet-lom ---
[INFO] Copying 19 resources from src\main\resources to target\classes
[INFO] 
[INFO] --- compiler:3.11.0:compile (default-compile) @ projet-lom ---
[INFO] Nothing to compile - all classes are up to date
[INFO] 
[INFO] <<< javafx:0.0.8:run (default-cli) < process-classes @ projet-lom <<<
[INFO] 
[WARNING] The artifact mysql:mysql-connector-java:jar:8.0.33 has been relocated to com.mysql:mysql-connector-j:jar:8.0.33: MySQL Connector/J artifacts moved to reverse-DNS compliant Maven 2+ coordinates.
[INFO] 
[INFO] --- javafx:0.0.8:run (default-cli) @ projet-lom ---
mvn : jan. 08, 2026 1:21:09 P.M. 
org.hibernate.Version logVersion
Au caractère Ligne:1 : 1
+ mvn javafx:run 2>&1 > build_output.txt; 
Get-Content build_output.txt  ...
+ ~~~~~~~~~~~~~~~~~~~~~~~~~~~~~~~~~~~~~~
    + CategoryInfo          : NotSpecified: (ja 
   n. 08, 2026 1...sion logVersion:String) [],  
   RemoteException
    + FullyQualifiedErrorId : NativeCommandErro 
   r
 
INFO: HHH000412: Hibernate ORM core version 
5.6.15.Final
jan. 08, 2026 1:21:10 P.M. org.hibernate.annotat
ions.common.reflection.java.JavaReflectionManage
r <clinit>
INFO: HCANN000001: Hibernate Commons 
Annotations {5.1.2.Final}
jan. 08, 2026 1:21:12 P.M. org.hibernate.engine.
jdbc.connections.internal.DriverManagerConnectio
nProviderImpl configure
WARN: HHH10001002: Using Hibernate built-in 
connection pool (not for production use!)
jan. 08, 2026 1:21:12 P.M. org.hibernate.engine.
jdbc.connections.internal.DriverManagerConnectio
nProviderImpl buildCreator
INFO: HHH10001005: using driver 
[com.mysql.cj.jdbc.Driver] at URL [jdbc:mysql://
localhost:3306/lom_db?useSSL=false&serverTimezon
e=UTC&allowPublicKeyRetrieval=true]
jan. 08, 2026 1:21:12 P.M. org.hibernate.engine.
jdbc.connections.internal.DriverManagerConnectio
nProviderImpl buildCreator
INFO: HHH10001001: Connection properties: 
{password=****, useUnicode=true, 
CharSet=utf8mb4, characterEncoding=UTF-8, 
user=lom_user}
jan. 08, 2026 1:21:12 P.M. org.hibernate.engine.
jdbc.connections.internal.DriverManagerConnectio
nProviderImpl buildCreator
INFO: HHH10001003: Autocommit mode: false
jan. 08, 2026 1:21:12 P.M. org.hibernate.engine.
jdbc.connections.internal.DriverManagerConnectio
nProviderImpl$PooledConnections <init>
INFO: HHH000115: Hibernate connection pool 
size: 10 (min=1)
jan. 08, 2026 1:21:13 P.M. org.hibernate.engine.
jdbc.env.internal.JdbcEnvironmentInitiator 
initiateService
WARN: HHH000342: Could not obtain connection to 
query metadata
java.lang.IllegalStateException: Cannot get a 
connection as the driver manager is not 
properly initialized
	at org.hibernate.engine.jdbc.connections.intern
al.DriverManagerConnectionProviderImpl.getConnec
tion(DriverManagerConnectionProviderImpl.java:22
0)
	at org.hibernate.engine.jdbc.env.internal.JdbcE
nvironmentInitiator$ConnectionProviderJdbcConnec
tionAccess.obtainConnection(JdbcEnvironmentIniti
ator.java:181)
	at org.hibernate.engine.jdbc.env.internal.JdbcE
nvironmentInitiator.initiateService(JdbcEnvironm
entInitiator.java:68)
	at org.hibernate.engine.jdbc.env.internal.JdbcE
nvironmentInitiator.initiateService(JdbcEnvironm
entInitiator.java:35)
	at org.hibernate.boot.registry.internal.Standar
dServiceRegistryImpl.initiateService(StandardSer
viceRegistryImpl.java:101)
	at org.hibernate.service.internal.AbstractServi
ceRegistryImpl.createService(AbstractServiceRegi
stryImpl.java:272)
	at org.hibernate.service.internal.AbstractServi
ceRegistryImpl.initializeService(AbstractService
RegistryImpl.java:246)
	at org.hibernate.service.internal.AbstractServi
ceRegistryImpl.getService(AbstractServiceRegistr
yImpl.java:223)
	at org.hibernate.engine.jdbc.internal.JdbcServi
cesImpl.configure(JdbcServicesImpl.java:51)
	at org.hibernate.boot.registry.internal.Standar
dServiceRegistryImpl.configureService(StandardSe
rviceRegistryImpl.java:107)
	at org.hibernate.service.internal.AbstractServi
ceRegistryImpl.initializeService(AbstractService
RegistryImpl.java:255)
	at org.hibernate.service.internal.AbstractServi
ceRegistryImpl.getService(AbstractServiceRegistr
yImpl.java:223)
	at org.hibernate.engine.jdbc.connections.intern
al.BasicConnectionCreator.convertSqlException(Ba
sicConnectionCreator.java:129)
	at org.hibernate.engine.jdbc.connections.intern
al.DriverConnectionCreator.makeConnection(Driver
ConnectionCreator.java:42)
	at org.hibernate.engine.jdbc.connections.intern
al.BasicConnectionCreator.createConnection(Basic
ConnectionCreator.java:62)
	at org.hibernate.engine.jdbc.connections.intern
al.DriverManagerConnectionProviderImpl$PooledCon
nections.addConnections(DriverManagerConnectionP
roviderImpl.java:457)
	at org.hibernate.engine.jdbc.connections.intern
al.DriverManagerConnectionProviderImpl$PooledCon
nections.<init>(DriverManagerConnectionProviderI
mpl.java:323)
	at org.hibernate.engine.jdbc.connections.intern
al.DriverManagerConnectionProviderImpl$PooledCon
nections.<init>(DriverManagerConnectionProviderI
mpl.java:297)
	at org.hibernate.engine.jdbc.connections.intern
al.DriverManagerConnectionProviderImpl$PooledCon
nections$Builder.build(DriverManagerConnectionPr
oviderImpl.java:501)
	at org.hibernate.engine.jdbc.connections.intern
al.DriverManagerConnectionProviderImpl.buildPool
(DriverManagerConnectionProviderImpl.java:101)
	at org.hibernate.engine.jdbc.connections.intern
al.DriverManagerConnectionProviderImpl.configure
(DriverManagerConnectionProviderImpl.java:76)
	at org.hibernate.boot.registry.internal.Standar
dServiceRegistryImpl.configureService(StandardSe
rviceRegistryImpl.java:107)
	at org.hibernate.service.internal.AbstractServi
ceRegistryImpl.initializeService(AbstractService
RegistryImpl.java:255)
	at org.hibernate.service.internal.AbstractServi
ceRegistryImpl.getService(AbstractServiceRegistr
yImpl.java:223)
	at org.hibernate.engine.jdbc.env.internal.JdbcE
nvironmentInitiator.buildJdbcConnectionAccess(Jd
bcEnvironmentInitiator.java:146)
	at org.hibernate.engine.jdbc.env.internal.JdbcE
nvironmentInitiator.initiateService(JdbcEnvironm
entInitiator.java:66)
	at org.hibernate.engine.jdbc.env.internal.JdbcE
nvironmentInitiator.initiateService(JdbcEnvironm
entInitiator.java:35)
	at org.hibernate.boot.registry.internal.Standar
dServiceRegistryImpl.initiateService(StandardSer
viceRegistryImpl.java:101)
	at org.hibernate.service.internal.AbstractServi
ceRegistryImpl.createService(AbstractServiceRegi
stryImpl.java:272)
	at org.hibernate.service.internal.AbstractServi
ceRegistryImpl.initializeService(AbstractService
RegistryImpl.java:246)
	at org.hibernate.service.internal.AbstractServi
ceRegistryImpl.getService(AbstractServiceRegistr
yImpl.java:223)
	at org.hibernate.id.factory.internal.DefaultIde
ntifierGeneratorFactory.injectServices(DefaultId
entifierGeneratorFactory.java:175)
	at org.hibernate.service.internal.AbstractServi
ceRegistryImpl.injectDependencies(AbstractServic
eRegistryImpl.java:295)
	at org.hibernate.service.internal.AbstractServi
ceRegistryImpl.initializeService(AbstractService
RegistryImpl.java:252)
	at org.hibernate.service.internal.AbstractServi
ceRegistryImpl.getService(AbstractServiceRegistr
yImpl.java:223)
	at org.hibernate.boot.internal.InFlightMetadata
CollectorImpl.<init>(InFlightMetadataCollectorIm
pl.java:173)
	at org.hibernate.boot.model.process.spi.Metadat
aBuildingProcess.complete(MetadataBuildingProces
s.java:127)
	at org.hibernate.boot.model.process.spi.Metadat
aBuildingProcess.build(MetadataBuildingProcess.j
ava:86)
	at org.hibernate.boot.internal.MetadataBuilderI
mpl.build(MetadataBuilderImpl.java:479)
	at org.hibernate.boot.internal.MetadataBuilderI
mpl.build(MetadataBuilderImpl.java:85)
	at org.hibernate.cfg.Configuration.buildSession
Factory(Configuration.java:709)
	at org.hibernate.cfg.Configuration.buildSession
Factory(Configuration.java:746)
	at org.emsi.dao.HibernateUtil.<clinit>(Hibernat
eUtil.java:20)
	at org.emsi.dao.GenericDao.findSingleByQuery(Ge
nericDao.java:150)
	at org.emsi.dao.UserDao.findByUsername(UserDao.
java:20)
	at org.emsi.dao.UserDao.usernameExists(UserDao.
java:35)
	at org.emsi.service.AuthService.initDefaultUser
s(AuthService.java:104)
	at org.emsi.MainApp.start(MainApp.java:31)
	at javafx.graphics@21.0.1/com.sun.javafx.applic
ation.LauncherImpl.lambda$launchApplication1$9(L
auncherImpl.java:839)
	at javafx.graphics@21.0.1/com.sun.javafx.applic
ation.PlatformImpl.lambda$runAndWait$12(Platform
Impl.java:483)
	at javafx.graphics@21.0.1/com.sun.javafx.applic
ation.PlatformImpl.lambda$runLater$10(PlatformIm
pl.java:456)
	at java.base/java.security.AccessController.doP
rivileged(AccessController.java:400)
	at javafx.graphics@21.0.1/com.sun.javafx.applic
ation.PlatformImpl.lambda$runLater$11(PlatformIm
pl.java:455)
	at javafx.graphics@21.0.1/com.sun.glass.ui.Invo
keLaterDispatcher$Future.run(InvokeLaterDispatch
er.java:95)
	at javafx.graphics@21.0.1/com.sun.glass.ui.win.
WinApplication._runLoop(Native Method)
	at javafx.graphics@21.0.1/com.sun.glass.ui.win.
WinApplication.lambda$runLoop$3(WinApplication.j
ava:185)
	at 
java.base/java.lang.Thread.run(Thread.java:1583)

jan. 08, 2026 1:21:13 P.M. 
org.hibernate.dialect.Dialect <init>
INFO: HHH000400: Using dialect: 
org.hibernate.dialect.MySQL8Dialect
jan. 08, 2026 1:21:13 P.M. org.hibernate.engine.
jdbc.spi.SqlExceptionHelper logExceptions
WARN: SQL Error: 1045, SQLState: 28000
jan. 08, 2026 1:21:13 P.M. org.hibernate.engine.
jdbc.spi.SqlExceptionHelper logExceptions
ERROR: Access denied for user 
'lom_user'@'172.20.0.1' (using password: YES)
? Erreur lors de l'initialisation de 
SessionFactory: Unable to create requested 
service [org.hibernate.engine.jdbc.env.spi.JdbcE
nvironment]
org.hibernate.service.spi.ServiceException: 
Unable to create requested service [org.hibernat
e.engine.jdbc.env.spi.JdbcEnvironment]
	at org.hibernate.service.internal.AbstractServi
ceRegistryImpl.createService(AbstractServiceRegi
stryImpl.java:284)
	at org.hibernate.service.internal.AbstractServi
ceRegistryImpl.initializeService(AbstractService
RegistryImpl.java:246)
	at org.hibernate.service.internal.AbstractServi
ceRegistryImpl.getService(AbstractServiceRegistr
yImpl.java:223)
	at org.hibernate.id.factory.internal.DefaultIde
ntifierGeneratorFactory.injectServices(DefaultId
entifierGeneratorFactory.java:175)
	at org.hibernate.service.internal.AbstractServi
ceRegistryImpl.injectDependencies(AbstractServic
eRegistryImpl.java:295)
	at org.hibernate.service.internal.AbstractServi
ceRegistryImpl.initializeService(AbstractService
RegistryImpl.java:252)
	at org.hibernate.service.internal.AbstractServi
ceRegistryImpl.getService(AbstractServiceRegistr
yImpl.java:223)
	at org.hibernate.boot.internal.InFlightMetadata
CollectorImpl.<init>(InFlightMetadataCollectorIm
pl.java:173)
	at org.hibernate.boot.model.process.spi.Metadat
aBuildingProcess.complete(MetadataBuildingProces
s.java:127)
	at org.hibernate.boot.model.process.spi.Metadat
aBuildingProcess.build(MetadataBuildingProcess.j
ava:86)
	at org.hibernate.boot.internal.MetadataBuilderI
mpl.build(MetadataBuilderImpl.java:479)
	at org.hibernate.boot.internal.MetadataBuilderI
mpl.build(MetadataBuilderImpl.java:85)
	at org.hibernate.cfg.Configuration.buildSession
Factory(Configuration.java:709)
	at org.hibernate.cfg.Configuration.buildSession
Factory(Configuration.java:746)
	at org.emsi.dao.HibernateUtil.<clinit>(Hibernat
eUtil.java:20)
	at org.emsi.dao.GenericDao.findSingleByQuery(Ge
nericDao.java:150)
	at org.emsi.dao.UserDao.findByUsername(UserDao.
java:20)
	at org.emsi.dao.UserDao.usernameExists(UserDao.
java:35)
	at org.emsi.service.AuthService.initDefaultUser
s(AuthService.java:104)
	at org.emsi.MainApp.start(MainApp.java:31)
	at javafx.graphics@21.0.1/com.sun.javafx.applic
ation.LauncherImpl.lambda$launchApplication1$9(L
auncherImpl.java:839)
	at javafx.graphics@21.0.1/com.sun.javafx.applic
ation.PlatformImpl.lambda$runAndWait$12(Platform
Impl.java:483)
	at javafx.graphics@21.0.1/com.sun.javafx.applic
ation.PlatformImpl.lambda$runLater$10(PlatformIm
pl.java:456)
	at java.base/java.security.AccessController.doP
rivileged(AccessController.java:400)
	at javafx.graphics@21.0.1/com.sun.javafx.applic
ation.PlatformImpl.lambda$runLater$11(PlatformIm
pl.java:455)
	at javafx.graphics@21.0.1/com.sun.glass.ui.Invo
keLaterDispatcher$Future.run(InvokeLaterDispatch
er.java:95)
	at javafx.graphics@21.0.1/com.sun.glass.ui.win.
WinApplication._runLoop(Native Method)
	at javafx.graphics@21.0.1/com.sun.glass.ui.win.
WinApplication.lambda$runLoop$3(WinApplication.j
ava:185)
	at 
java.base/java.lang.Thread.run(Thread.java:1583)
Caused by: 
org.hibernate.exception.GenericJDBCException: 
Error calling Driver#connect
	at org.hibernate.exception.internal.StandardSQL
ExceptionConverter.convert(StandardSQLExceptionC
onverter.java:42)
	at org.hibernate.engine.jdbc.spi.SqlExceptionHe
lper.convert(SqlExceptionHelper.java:113)
	at org.hibernate.engine.jdbc.connections.intern
al.BasicConnectionCreator.convertSqlException(Ba
sicConnectionCreator.java:131)
	at org.hibernate.engine.jdbc.connections.intern
al.DriverConnectionCreator.makeConnection(Driver
ConnectionCreator.java:42)
	at org.hibernate.engine.jdbc.connections.intern
al.BasicConnectionCreator.createConnection(Basic
ConnectionCreator.java:62)
	at org.hibernate.engine.jdbc.connections.intern
al.DriverManagerConnectionProviderImpl$PooledCon
nections.addConnections(DriverManagerConnectionP
roviderImpl.java:457)
	at org.hibernate.engine.jdbc.connections.intern
al.DriverManagerConnectionProviderImpl$PooledCon
nections.<init>(DriverManagerConnectionProviderI
mpl.java:323)
	at org.hibernate.engine.jdbc.connections.intern
al.DriverManagerConnectionProviderImpl$PooledCon
nections.<init>(DriverManagerConnectionProviderI
mpl.java:297)
	at org.hibernate.engine.jdbc.connections.intern
al.DriverManagerConnectionProviderImpl$PooledCon
nections$Builder.build(DriverManagerConnectionPr
oviderImpl.java:501)
	at org.hibernate.engine.jdbc.connections.intern
al.DriverManagerConnectionProviderImpl.buildPool
(DriverManagerConnectionProviderImpl.java:101)
	at org.hibernate.engine.jdbc.connections.intern
al.DriverManagerConnectionProviderImpl.configure
(DriverManagerConnectionProviderImpl.java:76)
	at org.hibernate.boot.registry.internal.Standar
dServiceRegistryImpl.configureService(StandardSe
rviceRegistryImpl.java:107)
	at org.hibernate.service.internal.AbstractServi
ceRegistryImpl.initializeService(AbstractService
RegistryImpl.java:255)
	at org.hibernate.service.internal.AbstractServi
ceRegistryImpl.getService(AbstractServiceRegistr
yImpl.java:223)
	at org.hibernate.engine.jdbc.env.internal.JdbcE
nvironmentInitiator.buildJdbcConnectionAccess(Jd
bcEnvironmentInitiator.java:146)
	at org.hibernate.engine.jdbc.env.internal.JdbcE
nvironmentInitiator.initiateService(JdbcEnvironm
entInitiator.java:66)
	at org.hibernate.engine.jdbc.env.internal.JdbcE
nvironmentInitiator.initiateService(JdbcEnvironm
entInitiator.java:35)
	at org.hibernate.boot.registry.internal.Standar
dServiceRegistryImpl.initiateService(StandardSer
viceRegistryImpl.java:101)
	at org.hibernate.service.internal.AbstractServi
ceRegistryImpl.createService(AbstractServiceRegi
stryImpl.java:272)
	... 28 more
Caused by: java.sql.SQLException: Access denied 
for user 'lom_user'@'172.20.0.1' (using 
password: YES)
	at com.mysql.cj.jdbc.exceptions.SQLError.create
SQLException(SQLError.java:130)
	at com.mysql.cj.jdbc.exceptions.SQLExceptionsMa
pping.translateException(SQLExceptionsMapping.ja
va:122)
	at com.mysql.cj.jdbc.ConnectionImpl.createNewIO
(ConnectionImpl.java:825)
	at com.mysql.cj.jdbc.ConnectionImpl.<init>(Conn
ectionImpl.java:446)
	at com.mysql.cj.jdbc.ConnectionImpl.getInstance
(ConnectionImpl.java:239)
	at com.mysql.cj.jdbc.NonRegisteringDriver.conne
ct(NonRegisteringDriver.java:188)
	at org.hibernate.engine.jdbc.connections.intern
al.DriverConnectionCreator.makeConnection(Driver
ConnectionCreator.java:39)
	... 43 more
Exception in Application start method
Exception in Application stop method
java.lang.reflect.InvocationTargetException
	at java.base/jdk.internal.reflect.DirectMethodH
andleAccessor.invoke(DirectMethodHandleAccessor.
java:118)
	at java.base/java.lang.reflect.Method.invoke(Me
thod.java:580)
	at javafx.graphics@21.0.1/com.sun.javafx.applic
ation.LauncherImpl.launchApplicationWithArgs(Lau
ncherImpl.java:464)
	at javafx.graphics@21.0.1/com.sun.javafx.applic
ation.LauncherImpl.launchApplication(LauncherImp
l.java:364)
	at java.base/jdk.internal.reflect.DirectMethodH
andleAccessor.invoke(DirectMethodHandleAccessor.
java:103)
	at java.base/java.lang.reflect.Method.invoke(Me
thod.java:580)
	at java.base/sun.launcher.LauncherHelper$FXHelp
er.main(LauncherHelper.java:1149)
Caused by: java.lang.RuntimeException: 
Exception in Application start method
	at javafx.graphics@21.0.1/com.sun.javafx.applic
ation.LauncherImpl.launchApplication1(LauncherIm
pl.java:893)
	at javafx.graphics@21.0.1/com.sun.javafx.applic
ation.LauncherImpl.lambda$launchApplication$2(La
uncherImpl.java:196)
	at 
java.base/java.lang.Thread.run(Thread.java:1583)
Caused by: java.lang.ExceptionInInitializerError
	at org.emsi.dao.HibernateUtil.<clinit>(Hibernat
eUtil.java:26)
	at org.emsi.dao.GenericDao.findSingleByQuery(Ge
nericDao.java:150)
	at org.emsi.dao.UserDao.findByUsername(UserDao.
java:20)
	at org.emsi.dao.UserDao.usernameExists(UserDao.
java:35)
	at org.emsi.service.AuthService.initDefaultUser
s(AuthService.java:104)
	at org.emsi.MainApp.start(MainApp.java:31)
	at javafx.graphics@21.0.1/com.sun.javafx.applic
ation.LauncherImpl.lambda$launchApplication1$9(L
auncherImpl.java:839)
	at javafx.graphics@21.0.1/com.sun.javafx.applic
ation.PlatformImpl.lambda$runAndWait$12(Platform
Impl.java:483)
	at javafx.graphics@21.0.1/com.sun.javafx.applic
ation.PlatformImpl.lambda$runLater$10(PlatformIm
pl.java:456)
	at java.base/java.security.AccessController.doP
rivileged(AccessController.java:400)
	at javafx.graphics@21.0.1/com.sun.javafx.applic
ation.PlatformImpl.lambda$runLater$11(PlatformIm
pl.java:455)
	at javafx.graphics@21.0.1/com.sun.glass.ui.Invo
keLaterDispatcher$Future.run(InvokeLaterDispatch
er.java:95)
	at javafx.graphics@21.0.1/com.sun.glass.ui.win.
WinApplication._runLoop(Native Method)
	at javafx.graphics@21.0.1/com.sun.glass.ui.win.
WinApplication.lambda$runLoop$3(WinApplication.j
ava:185)
	... 1 more
Caused by: 
org.hibernate.service.spi.ServiceException: 
Unable to create requested service [org.hibernat
e.engine.jdbc.env.spi.JdbcEnvironment]
	at org.hibernate.service.internal.AbstractServi
ceRegistryImpl.createService(AbstractServiceRegi
stryImpl.java:284)
	at org.hibernate.service.internal.AbstractServi
ceRegistryImpl.initializeService(AbstractService
RegistryImpl.java:246)
	at org.hibernate.service.internal.AbstractServi
ceRegistryImpl.getService(AbstractServiceRegistr
yImpl.java:223)
	at org.hibernate.id.factory.internal.DefaultIde
ntifierGeneratorFactory.injectServices(DefaultId
entifierGeneratorFactory.java:175)
	at org.hibernate.service.internal.AbstractServi
ceRegistryImpl.injectDependencies(AbstractServic
eRegistryImpl.java:295)
	at org.hibernate.service.internal.AbstractServi
ceRegistryImpl.initializeService(AbstractService
RegistryImpl.java:252)
	at org.hibernate.service.internal.AbstractServi
ceRegistryImpl.getService(AbstractServiceRegistr
yImpl.java:223)
	at org.hibernate.boot.internal.InFlightMetadata
CollectorImpl.<init>(InFlightMetadataCollectorIm
pl.java:173)
	at org.hibernate.boot.model.process.spi.Metadat
aBuildingProcess.complete(MetadataBuildingProces
s.java:127)
	at org.hibernate.boot.model.process.spi.Metadat
aBuildingProcess.build(MetadataBuildingProcess.j
ava:86)
	at org.hibernate.boot.internal.MetadataBuilderI
mpl.build(MetadataBuilderImpl.java:479)
	at org.hibernate.boot.internal.MetadataBuilderI
mpl.build(MetadataBuilderImpl.java:85)
	at org.hibernate.cfg.Configuration.buildSession
Factory(Configuration.java:709)
	at org.hibernate.cfg.Configuration.buildSession
Factory(Configuration.java:746)
	at org.emsi.dao.HibernateUtil.<clinit>(Hibernat
eUtil.java:20)
	... 14 more
Caused by: 
org.hibernate.exception.GenericJDBCException: 
Error calling Driver#connect
	at org.hibernate.exception.internal.StandardSQL
ExceptionConverter.convert(StandardSQLExceptionC
onverter.java:42)
	at org.hibernate.engine.jdbc.spi.SqlExceptionHe
lper.convert(SqlExceptionHelper.java:113)
	at org.hibernate.engine.jdbc.connections.intern
al.BasicConnectionCreator.convertSqlException(Ba
sicConnectionCreator.java:131)
	at org.hibernate.engine.jdbc.connections.intern
al.DriverConnectionCreator.makeConnection(Driver
ConnectionCreator.java:42)
	at org.hibernate.engine.jdbc.connections.intern
al.BasicConnectionCreator.createConnection(Basic
ConnectionCreator.java:62)
	at org.hibernate.engine.jdbc.connections.intern
al.DriverManagerConnectionProviderImpl$PooledCon
nections.addConnections(DriverManagerConnectionP
roviderImpl.java:457)
	at org.hibernate.engine.jdbc.connections.intern
al.DriverManagerConnectionProviderImpl$PooledCon
nections.<init>(DriverManagerConnectionProviderI
mpl.java:323)
	at org.hibernate.engine.jdbc.connections.intern
al.DriverManagerConnectionProviderImpl$PooledCon
nections.<init>(DriverManagerConnectionProviderI
mpl.java:297)
	at org.hibernate.engine.jdbc.connections.intern
al.DriverManagerConnectionProviderImpl$PooledCon
nections$Builder.build(DriverManagerConnectionPr
oviderImpl.java:501)
	at org.hibernate.engine.jdbc.connections.intern
al.DriverManagerConnectionProviderImpl.buildPool
(DriverManagerConnectionProviderImpl.java:101)
	at org.hibernate.engine.jdbc.connections.intern
al.DriverManagerConnectionProviderImpl.configure
(DriverManagerConnectionProviderImpl.java:76)
	at org.hibernate.boot.registry.internal.Standar
dServiceRegistryImpl.configureService(StandardSe
rviceRegistryImpl.java:107)
	at org.hibernate.service.internal.AbstractServi
ceRegistryImpl.initializeService(AbstractService
RegistryImpl.java:255)
	at org.hibernate.service.internal.AbstractServi
ceRegistryImpl.getService(AbstractServiceRegistr
yImpl.java:223)
	at org.hibernate.engine.jdbc.env.internal.JdbcE
nvironmentInitiator.buildJdbcConnectionAccess(Jd
bcEnvironmentInitiator.java:146)
	at org.hibernate.engine.jdbc.env.internal.JdbcE
nvironmentInitiator.initiateService(JdbcEnvironm
entInitiator.java:66)
	at org.hibernate.engine.jdbc.env.internal.JdbcE
nvironmentInitiator.initiateService(JdbcEnvironm
entInitiator.java:35)
	at org.hibernate.boot.registry.internal.Standar
dServiceRegistryImpl.initiateService(StandardSer
viceRegistryImpl.java:101)
	at org.hibernate.service.internal.AbstractServi
ceRegistryImpl.createService(AbstractServiceRegi
stryImpl.java:272)
	... 28 more
Caused by: java.sql.SQLException: Access denied 
for user 'lom_user'@'172.20.0.1' (using 
password: YES)
	at com.mysql.cj.jdbc.exceptions.SQLError.create
SQLException(SQLError.java:130)
	at com.mysql.cj.jdbc.exceptions.SQLExceptionsMa
pping.translateException(SQLExceptionsMapping.ja
va:122)
	at com.mysql.cj.jdbc.ConnectionImpl.createNewIO
(ConnectionImpl.java:825)
	at com.mysql.cj.jdbc.ConnectionImpl.<init>(Conn
ectionImpl.java:446)
	at com.mysql.cj.jdbc.ConnectionImpl.getInstance
(ConnectionImpl.java:239)
	at com.mysql.cj.jdbc.NonRegisteringDriver.conne
ct(NonRegisteringDriver.java:188)
	at org.hibernate.engine.jdbc.connections.intern
al.DriverConnectionCreator.makeConnection(Driver
ConnectionCreator.java:39)
	... 43 more
Exception running application org.emsi.MainApp
[ERROR] Command execution failed.
org.apache.commons.exec.ExecuteException: Process exited with an error: 1 (Exit value: 1)
    at org.apache.commons.exec.DefaultExecutor.executeInternal (DefaultExecutor.java:404)
    at org.apache.commons.exec.DefaultExecutor.execute (DefaultExecutor.java:166)
    at org.openjfx.JavaFXBaseMojo.executeCommandLine (JavaFXBaseMojo.java:567)
    at org.openjfx.JavaFXBaseMojo.executeCommandLine (JavaFXBaseMojo.java:434)
    at org.openjfx.JavaFXRunMojo.execute (JavaFXRunMojo.java:105)
    at org.apache.maven.plugin.DefaultBuildPluginManager.executeMojo (DefaultBuildPluginManager.java:126)
    at org.apache.maven.lifecycle.internal.MojoExecutor.doExecute2 (MojoExecutor.java:328)
    at org.apache.maven.lifecycle.internal.MojoExecutor.doExecute (MojoExecutor.java:316)
    at org.apache.maven.lifecycle.internal.MojoExecutor.execute (MojoExecutor.java:212)
    at org.apache.maven.lifecycle.internal.MojoExecutor.execute (MojoExecutor.java:174)
    at org.apache.maven.lifecycle.internal.MojoExecutor.access$000 (MojoExecutor.java:75)
    at org.apache.maven.lifecycle.internal.MojoExecutor$1.run (MojoExecutor.java:162)
    at org.apache.maven.plugin.DefaultMojosExecutionStrategy.execute (DefaultMojosExecutionStrategy.java:39)
    at org.apache.maven.lifecycle.internal.MojoExecutor.execute (MojoExecutor.java:159)
    at org.apache.maven.lifecycle.internal.LifecycleModuleBuilder.buildProject (LifecycleModuleBuilder.java:105)
    at org.apache.maven.lifecycle.internal.LifecycleModuleBuilder.buildProject (LifecycleModuleBuilder.java:73)
    at org.apache.maven.lifecycle.internal.builder.singlethreaded.SingleThreadedBuilder.build (SingleThreadedBuilder.java:53)
    at org.apache.maven.lifecycle.internal.LifecycleStarter.execute (LifecycleStarter.java:118)
    at org.apache.maven.DefaultMaven.doExecute (DefaultMaven.java:261)
    at org.apache.maven.DefaultMaven.doExecute (DefaultMaven.java:173)
    at org.apache.maven.DefaultMaven.execute (DefaultMaven.java:101)
    at org.apache.maven.cli.MavenCli.execute (MavenCli.java:919)
    at org.apache.maven.cli.MavenCli.doMain (MavenCli.java:285)
    at org.apache.maven.cli.MavenCli.main (MavenCli.java:207)
    at jdk.internal.reflect.DirectMethodHandleAccessor.invoke (DirectMethodHandleAccessor.java:103)
    at java.lang.reflect.Method.invoke (Method.java:580)
    at org.codehaus.plexus.classworlds.launcher.Launcher.launchEnhanced (Launcher.java:255)
    at org.codehaus.plexus.classworlds.launcher.Launcher.launch (Launcher.java:201)
    at org.codehaus.plexus.classworlds.launcher.Launcher.mainWithExitCode (Launcher.java:361)
    at org.codehaus.plexus.classworlds.launcher.Launcher.main (Launcher.java:314)
org.apache.commons.exec.ExecuteException: 
Process exited with an error: 1 (Exit value: 1)
	at org.apache.commons.exec.DefaultExecutor.exec
uteInternal(DefaultExecutor.java:404)
	at org.apache.commons.exec.DefaultExecutor.exec
ute(DefaultExecutor.java:166)
	at org.openjfx.JavaFXBaseMojo.executeCommandLin
e(JavaFXBaseMojo.java:567)
	at org.openjfx.JavaFXBaseMojo.executeCommandLin
e(JavaFXBaseMojo.java:434)
	at org.openjfx.JavaFXRunMojo.execute(JavaFXRunM
ojo.java:105)
	at org.apache.maven.plugin.DefaultBuildPluginMa
nager.executeMojo(DefaultBuildPluginManager.java
:126)
	at org.apache.maven.lifecycle.internal.MojoExec
utor.doExecute2(MojoExecutor.java:328)
	at org.apache.maven.lifecycle.internal.MojoExec
utor.doExecute(MojoExecutor.java:316)
	at org.apache.maven.lifecycle.internal.MojoExec
utor.execute(MojoExecutor.java:212)
	at org.apache.maven.lifecycle.internal.MojoExec
utor.execute(MojoExecutor.java:174)
	at org.apache.maven.lifecycle.internal.MojoExec
utor.access$000(MojoExecutor.java:75)
	at org.apache.maven.lifecycle.internal.MojoExec
utor$1.run(MojoExecutor.java:162)
	at org.apache.maven.plugin.DefaultMojosExecutio
nStrategy.execute(DefaultMojosExecutionStrategy.
java:39)
	at org.apache.maven.lifecycle.internal.MojoExec
utor.execute(MojoExecutor.java:159)
	at org.apache.maven.lifecycle.internal.Lifecycl
eModuleBuilder.buildProject(LifecycleModuleBuild
er.java:105)
	at org.apache.maven.lifecycle.internal.Lifecycl
eModuleBuilder.buildProject(LifecycleModuleBuild
er.java:73)
	at org.apache.maven.lifecycle.internal.builder.
singlethreaded.SingleThreadedBuilder.build(Singl
eThreadedBuilder.java:53)
	at org.apache.maven.lifecycle.internal.Lifecycl
eStarter.execute(LifecycleStarter.java:118)
	at org.apache.maven.DefaultMaven.doExecute(Defa
ultMaven.java:261)
	at org.apache.maven.DefaultMaven.doExecute(Defa
ultMaven.java:173)
	at org.apache.maven.DefaultMaven.execute(Defaul
tMaven.java:101)
	at org.apache.maven.cli.MavenCli.execute(MavenC
li.java:919)
	at org.apache.maven.cli.MavenCli.doMain(MavenCl
i.java:285)
	at org.apache.maven.cli.MavenCli.main(MavenCli.
java:207)
	at java.base/jdk.internal.reflect.DirectMethodH
andleAccessor.invoke(DirectMethodHandleAccessor.
java:103)
	at java.base/java.lang.reflect.Method.invoke(Me
thod.java:580)
	at org.codehaus.plexus.classworlds.launcher.Lau
ncher.launchEnhanced(Launcher.java:255)
	at org.codehaus.plexus.classworlds.launcher.Lau
ncher.launch(Launcher.java:201)
	at org.codehaus.plexus.classworlds.launcher.Lau
ncher.mainWithExitCode(Launcher.java:361)
	at org.codehaus.plexus.classworlds.launcher.Lau
ncher.main(Launcher.java:314)
[INFO] ------------------------------------------------------------------------
[INFO] BUILD FAILURE
[INFO] ------------------------------------------------------------------------
[INFO] Total time:  10.296 s
[INFO] Finished at: 2026-01-08T13:21:14+01:00
[INFO] ------------------------------------------------------------------------
[ERROR] Failed to execute goal org.openjfx:javafx-maven-plugin:0.0.8:run (default-cli) on project projet-lom: Error: Command execution failed. Process exited with an error: 1 (Exit value: 1) -> [Help 1]
[ERROR] 
[ERROR] To see the full stack trace of the errors, re-run Maven with the -e switch.
[ERROR] Re-run Maven using the -X switch to enable full debug logging.
[ERROR] 
[ERROR] For more information about the errors and possible solutions, please read the following articles:
[ERROR] [Help 1] http://cwiki.apache.org/confluence/display/MAVEN/MojoExecutionException
